// Jest Snapshot v1, https://goo.gl/fbAQLP

exports[`Page should render correctly 1`] = `
<div
  className="page test-background-classes"
>
  <h1>
    hello world
  </h1>
</div>
`;
