// Jest Snapshot v1, https://goo.gl/fbAQLP

exports[`Education Section should render correctly 1`] = `
Object {
  "content": <div>
    <h3
      className="universityTitle"
    >
      The University of Kent
    </h3>
    <h4
      className="degreeTitle"
    >
      Bachelor of Science in
    </h4>
    <span>
      Computer Science
    </span>
    <h4
      className="degreeClassification"
    >
      Classification:
      <span>
        first
      </span>
    </h4>
    <p>
      <span
        aria-label="university emoji"
        className="paragraphEmoji"
        role="img"
      >
        ðŸŽ“
      </span>
      I studied at the University of Kent for three years (2014 -2017) and obtained a first class degree with honours in Computer Science upon my graduation.
    </p>
    <p>
      During my studies I worked on a number of exciting front end projects and really enjoyed the creativity that developing software for the web afforded me.
    </p>
  </div>,
  "title": "Education",
}
`;
