// Jest Snapshot v1, https://goo.gl/fbAQLP

exports[`<App/> component should render correctly 1`] = `
<div
  className="test-class-app"
>
  <div
    className="test-app-content"
  >
    <Landing />
    <Sections />
    <DownloadButton />
    <SocialMedia />
    <Footer />
  </div>
</div>
`;
